// Jest Snapshot v1, https://goo.gl/fbAQLP

exports[`src/screens/CreateAccount.js should render 1`] = `
<View
  style={
    Object {
      "backgroundColor": "#fff",
      "flex": 1,
      "paddingTop": 20,
    }
  }
>
  <View
    style={
      Array [
        Object {
          "alignContent": "center",
          "backgroundColor": "#fff",
          "flex": 1,
          "flexDirection": "column",
          "paddingBottom": 333.5,
          "paddingHorizontal": 60,
          "paddingTop": 100.05,
        },
      ]
    }
  >
    <Text
      keyName="common.upperTitle"
      style={
        Array [
          Object {
            "color": "#309BF8",
            "fontSize": 36,
            "fontWeight": "bold",
            "textAlign": "left",
          },
          Object {
            "marginBottom": 40.019999999999996,
          },
          Object {
            "textAlign": "center",
          },
        ]
      }
    >
      YESTER
    </Text>
    <Text
      keyName="createAccount.begin"
      style={
        Array [
          Object {
            "color": "#309BF8",
            "fontSize": 20,
            "textAlign": "left",
          },
          Object {
            "marginBottom": 40.019999999999996,
          },
          Object {
            "fontWeight": "bold",
            "textAlign": "center",
          },
        ]
      }
    >
      Start it's simple. 
Let's begin with your account.
    </Text>
    <View
      accessible={true}
      isTVSelectable={true}
      onResponderGrant={[Function]}
      onResponderMove={[Function]}
      onResponderRelease={[Function]}
      onResponderTerminate={[Function]}
      onResponderTerminationRequest={[Function]}
      onStartShouldSetResponder={[Function]}
      style={
        Array [
          Object {
            "padding": 26.68,
          },
          Object {
            "backgroundColor": "#309BF8",
            "borderColor": "#309BF8",
            "borderRadius": 53.36,
            "borderWidth": 2,
          },
        ]
      }
    >
      <Text
        keyName="createAccount.continue"
        style={
          Array [
            Object {
              "color": "#fff",
              "fontSize": 18,
              "fontWeight": "bold",
              "textAlign": "center",
            },
          ]
        }
      >
        CONTINUE WITH FACEBOOK
      </Text>
    </View>
    <Text
      keyName="createAccount.recommendation"
      style={
        Array [
          Object {
            "color": "#309BF8",
            "fontSize": 16,
            "textAlign": "center",
          },
          Object {
            "marginBottom": 40.019999999999996,
          },
        ]
      }
    >
      Recommended, to speed things up.
    </Text>
    <View
      style={
        Object {
          "alignItems": "center",
          "alignSelf": "center",
          "backgroundColor": "#fff",
          "flex": 1,
          "flexDirection": "row",
          "justifyContent": "space-between",
          "width": 225,
        }
      }
    >
      <View
        style={
          Array [
            Object {
              "backgroundColor": "#A6D5FC",
              "borderColor": "#A6D5FC",
              "borderRadius": 53.36,
              "borderWidth": 1,
              "height": 13.34,
            },
            Object {
              "width": 30,
            },
          ]
        }
      />
      <Text
        keyName="createAccount.or"
        style={
          Array [
            Object {
              "color": "#309BF8",
              "fontSize": 20,
              "textAlign": "left",
            },
          ]
        }
      >
        Or
      </Text>
      <View
        style={
          Array [
            Object {
              "backgroundColor": "#A6D5FC",
              "borderColor": "#A6D5FC",
              "borderRadius": 53.36,
              "borderWidth": 1,
              "height": 13.34,
            },
            Object {
              "width": 30,
            },
          ]
        }
      />
    </View>
    <View
      accessible={true}
      isTVSelectable={true}
      onResponderGrant={[Function]}
      onResponderMove={[Function]}
      onResponderRelease={[Function]}
      onResponderTerminate={[Function]}
      onResponderTerminationRequest={[Function]}
      onStartShouldSetResponder={[Function]}
      style={
        Array [
          Object {
            "padding": 26.68,
          },
          Object {
            "backgroundColor": "#fff",
            "borderColor": "#309BF8",
            "borderRadius": 53.36,
            "borderWidth": 2,
          },
          Object {
            "marginBottom": 40.019999999999996,
          },
        ]
      }
    >
      <Text
        keyName="createAccount.create"
        style={
          Array [
            Object {
              "color": "#fff",
              "fontSize": 18,
              "fontWeight": "bold",
              "textAlign": "center",
            },
            Object {
              "color": "#309BF8",
            },
          ]
        }
      >
        CREATE ACCOUNT
      </Text>
    </View>
  </View>
</View>
`;
