// Jest Snapshot v1, https://goo.gl/fbAQLP

exports[`src/screens/CreateAccount.js should render 1`] = `
<View
  style={
    Object {
      "backgroundColor": "#fff",
      "flex": 1,
      "paddingTop": 20,
    }
  }
>
  <View
    style={
      Array [
        Object {
          "alignContent": "center",
          "backgroundColor": "#fff",
          "flex": 1,
          "flexDirection": "column",
          "paddingBottom": 333.5,
          "paddingHorizontal": 60,
          "paddingTop": 100.05,
        },
      ]
    }
  >
    <Text
      keyName="common.upperTitle"
      style={
        Array [
          Object {
            "color": "#313131",
            "fontFamily": "Karla-Regular",
            "fontSize": 50,
            "fontWeight": "bold",
            "textAlign": "left",
          },
          Object {
            "marginBottom": 40.019999999999996,
          },
          Object {
            "textAlign": "center",
          },
        ]
      }
    >
      YESTER
    </Text>
    <Text
      keyName="createAccount.begin"
      style={
        Array [
          Object {
            "color": "#313131",
            "fontFamily": "Karla-Regular",
            "fontSize": 20,
            "textAlign": "left",
          },
          Object {
            "marginBottom": 40.019999999999996,
          },
          Object {
            "fontWeight": "bold",
            "textAlign": "center",
          },
        ]
      }
    >
      Start it's simple. 
Let's begin with your account.
    </Text>
    <View
      accessible={true}
      isTVSelectable={true}
      onResponderGrant={[Function]}
      onResponderMove={[Function]}
      onResponderRelease={[Function]}
      onResponderTerminate={[Function]}
      onResponderTerminationRequest={[Function]}
      onStartShouldSetResponder={[Function]}
      style={
        Array [
          undefined,
          Object {
            "borderRadius": 24,
            "borderWidth": 2,
            "height": 50,
            "justifyContent": "center",
            "shadowColor": "#000",
            "shadowOffset": Object {
              "height": 3,
              "width": 0,
            },
            "width": 300,
          },
          Object {
            "backgroundColor": "#4241B3",
            "borderColor": "#4241B3",
          },
        ]
      }
    >
      <View
        style={
          Object {
            "alignItems": "center",
            "flex": 1,
            "flexDirection": "row",
            "justifyContent": "center",
          }
        }
      >
        <Image
          source={
            Object {
              "testUri": "../../../src/assets/fb-no-oficial.png",
            }
          }
          style={
            Array [
              Object {
                "height": 20,
                "width": 20,
              },
              Object {
                "tintColor": "#fff",
              },
            ]
          }
        />
        <Text
          keyName="createAccount.continue"
          style={
            Array [
              Object {
                "fontSize": 18,
                "fontWeight": "bold",
                "textAlign": "center",
              },
              Object {
                "color": "#fff",
                "paddingLeft": 9,
              },
            ]
          }
        >
          Continue with Facebook
        </Text>
      </View>
    </View>
    <Text
      keyName="createAccount.recommendation"
      style={
        Array [
          Object {
            "color": "#313131",
            "fontFamily": "Karla-Regular",
            "fontSize": 16,
            "textAlign": "center",
          },
          Object {
            "marginBottom": 40.019999999999996,
          },
        ]
      }
    >
      Recommended, to speed things up.
    </Text>
    <View
      style={
        Object {
          "alignItems": "center",
          "alignSelf": "center",
          "backgroundColor": "#fff",
          "flex": 1,
          "flexDirection": "row",
          "justifyContent": "space-between",
          "width": 225,
        }
      }
    >
      <View
        style={
          Array [
            Object {
              "backgroundColor": "#D5D3DD",
              "borderColor": "#D5D3DD",
              "borderRadius": 53.36,
              "borderWidth": 1,
              "height": 13.34,
            },
            Object {
              "width": 30,
            },
          ]
        }
      />
      <Text
        keyName="createAccount.or"
        style={
          Array [
            Object {
              "color": "#313131",
              "fontFamily": "Karla-Regular",
              "fontSize": 20,
              "textAlign": "left",
            },
          ]
        }
      >
        Or
      </Text>
      <View
        style={
          Array [
            Object {
              "backgroundColor": "#D5D3DD",
              "borderColor": "#D5D3DD",
              "borderRadius": 53.36,
              "borderWidth": 1,
              "height": 13.34,
            },
            Object {
              "width": 30,
            },
          ]
        }
      />
    </View>
    <View
      accessible={true}
      isTVSelectable={true}
      onResponderGrant={[Function]}
      onResponderMove={[Function]}
      onResponderRelease={[Function]}
      onResponderTerminate={[Function]}
      onResponderTerminationRequest={[Function]}
      onStartShouldSetResponder={[Function]}
      style={
        Array [
          undefined,
          Object {
            "borderRadius": 24,
            "borderWidth": 2,
            "height": 50,
            "justifyContent": "center",
            "shadowColor": "#000",
            "shadowOffset": Object {
              "height": 3,
              "width": 0,
            },
            "width": 300,
          },
          Object {
            "backgroundColor": "#fff",
            "borderColor": "#4241B3",
          },
        ]
      }
    >
      <View
        style={
          Object {
            "alignItems": "center",
            "flex": 1,
            "flexDirection": "row",
            "justifyContent": "center",
          }
        }
      >
        <Text
          keyName="createAccount.create"
          style={
            Array [
              Object {
                "fontSize": 18,
                "fontWeight": "bold",
                "textAlign": "center",
              },
              Object {
                "color": "#4241B3",
              },
            ]
          }
        >
          Create account
        </Text>
      </View>
    </View>
  </View>
</View>
`;
