// Jest Snapshot v1, https://goo.gl/fbAQLP

exports[`src/screens/Login.js should render 1`] = `
<View
  style={
    Array [
      Object {
        "backgroundColor": "#fff",
        "flex": 1,
        "paddingTop": 20,
      },
      undefined,
    ]
  }
>
  <Text
    style={
      Array [
        Object {
          "marginTop": 40,
          "textAlign": "center",
        },
      ]
    }
  >
    LOG IN
  </Text>
  <View
    accessible={true}
    isTVSelectable={true}
    onResponderGrant={[Function]}
    onResponderMove={[Function]}
    onResponderRelease={[Function]}
    onResponderTerminate={[Function]}
    onResponderTerminationRequest={[Function]}
    onStartShouldSetResponder={[Function]}
    style={
      Array [
        undefined,
        Object {
          "borderRadius": 24,
          "borderWidth": 2,
          "height": 50,
          "justifyContent": "center",
          "shadowColor": "#000",
          "shadowOffset": Object {
            "height": 3,
            "width": 0,
          },
        },
        Object {
          "backgroundColor": "#4241B3",
          "borderColor": "#4241B3",
        },
        Object {
          "width": 300,
        },
      ]
    }
  >
    <View
      style={
        Object {
          "alignItems": "center",
          "flex": 1,
          "flexDirection": "row",
          "justifyContent": "center",
        }
      }
    >
      <Image
        source={
          Object {
            "testUri": "../../../src/assets/fb-no-oficial.png",
          }
        }
        style={
          Array [
            Object {
              "height": 20,
              "marginRight": 9,
              "width": 20,
            },
            Object {
              "tintColor": "#fff",
            },
          ]
        }
      />
      <Text
        style={
          Array [
            Object {
              "fontSize": 18,
              "fontWeight": "bold",
              "textAlign": "center",
            },
            Object {
              "color": "#fff",
            },
          ]
        }
      >
        Continue with Facebook
      </Text>
    </View>
  </View>
  <View
    style={
      Object {
        "alignItems": "center",
        "flex": 1,
        "flexDirection": "row",
        "justifyContent": "center",
        "marginHorizontal": 10,
      }
    }
  >
    <View
      style={
        Array [
          Object {
            "backgroundColor": "#D5D3DD",
            "borderColor": "#D5D3DD",
            "borderWidth": 1,
            "height": 0,
            "marginHorizontal": 11,
          },
          Object {
            "flex": 1,
          },
        ]
      }
    />
    <View
      styles={
        Object {
          "flex": 1,
        }
      }
    >
      <Text
        style={
          Array [
            Object {
              "color": "#313131",
              "fontSize": 20,
              "textAlign": "left",
            },
            undefined,
          ]
        }
      >
        Or
      </Text>
    </View>
    <View
      style={
        Array [
          Object {
            "backgroundColor": "#D5D3DD",
            "borderColor": "#D5D3DD",
            "borderWidth": 1,
            "height": 0,
            "marginHorizontal": 11,
          },
          Object {
            "flex": 1,
          },
        ]
      }
    />
  </View>
  <View
    style={
      Object {
        "borderColor": "#000",
        "borderStyle": "solid",
        "borderWidth": 1,
        "marginBottom": 10,
      }
    }
  >
    <TextInput
      allowFontScaling={true}
      onChangeText={[Function]}
      underlineColorAndroid="transparent"
      value=""
    />
  </View>
  <View
    style={
      Object {
        "borderColor": "#000",
        "borderStyle": "solid",
        "borderWidth": 1,
        "marginBottom": 10,
      }
    }
  >
    <TextInput
      allowFontScaling={true}
      onChangeText={[Function]}
      secureTextEntry={true}
      underlineColorAndroid="transparent"
      value=""
    />
  </View>
  <View
    accessible={true}
    isTVSelectable={true}
    onResponderGrant={[Function]}
    onResponderMove={[Function]}
    onResponderRelease={[Function]}
    onResponderTerminate={[Function]}
    onResponderTerminationRequest={[Function]}
    onStartShouldSetResponder={[Function]}
    style={
      Array [
        undefined,
        Object {
          "borderRadius": 24,
          "borderWidth": 2,
          "height": 50,
          "justifyContent": "center",
          "shadowColor": "#000",
          "shadowOffset": Object {
            "height": 3,
            "width": 0,
          },
        },
        Object {
          "backgroundColor": "#fff",
          "borderColor": "#4241B3",
        },
        Object {
          "width": 300,
        },
      ]
    }
  >
    <View
      style={
        Object {
          "alignItems": "center",
          "flex": 1,
          "flexDirection": "row",
          "justifyContent": "center",
        }
      }
    >
      <Text
        style={
          Array [
            Object {
              "fontSize": 18,
              "fontWeight": "bold",
              "textAlign": "center",
            },
            Object {
              "color": "#4241B3",
            },
          ]
        }
      >
        Log In
      </Text>
    </View>
  </View>
</View>
`;
