// Jest Snapshot v1, https://goo.gl/fbAQLP

exports[`src/screens/Onboarding should render 1`] = `
<View
  style={
    Array [
      Object {
        "backgroundColor": "#F6F7F9",
        "flex": 1,
      },
      Object {
        "backgroundColor": "#1E1437",
      },
      Object {
        "paddingTop": 20,
      },
    ]
  }
>
  <View
    style={
      Object {
        "flex": 1,
        "justifyContent": "flex-start",
      }
    }
  >
    <RCTScrollView
      data={
        Array [
          <Step
            cover={
              Object {
                "testUri": "../../../src/assets/300x300.png",
              }
            }
            description="onboarding.step1.description"
            title="onboarding.step1.title"
            title2="onboarding.step1.title2"
          />,
          <Step
            cover={
              Object {
                "testUri": "../../../src/assets/300x300.png",
              }
            }
            description="onboarding.step2.description"
            title="onboarding.step2.title"
            title2="onboarding.step2.title2"
          />,
          <Step
            cover={
              Object {
                "testUri": "../../../src/assets/300x300.png",
              }
            }
            description="onboarding.step3.description"
            title="onboarding.step3.title"
            title2="onboarding.step3.title2"
          />,
        ]
      }
      disableVirtualization={false}
      getItem={[Function]}
      getItemCount={[Function]}
      horizontal={true}
      initialNumToRender={10}
      keyExtractor={[Function]}
      maxToRenderPerBatch={10}
      numColumns={1}
      onContentSizeChange={[Function]}
      onEndReachedThreshold={2}
      onLayout={[Function]}
      onMomentumScrollEnd={[Function]}
      onScroll={[Function]}
      onScrollBeginDrag={[Function]}
      onScrollEndDrag={[Function]}
      onViewableItemsChanged={[Function]}
      pagingEnabled={true}
      renderItem={[Function]}
      scrollEventThrottle={50}
      showsHorizontalScrollIndicator={false}
      stickyHeaderIndices={Array []}
      updateCellsBatchingPeriod={50}
      viewabilityConfigCallbackPairs={
        Array [
          Object {
            "onViewableItemsChanged": [Function],
            "viewabilityConfig": undefined,
          },
        ]
      }
      windowSize={21}
    >
      <View>
        <View
          onLayout={[Function]}
          style={
            Array [
              Object {
                "flexDirection": "row",
              },
              null,
            ]
          }
        >
          <View
            style={
              Array [
                Object {
                  "alignItems": "center",
                  "flex": 1,
                },
                Object {
                  "height": 1334,
                  "justifyContent": "flex-start",
                  "paddingTop": 50,
                  "width": 750,
                },
              ]
            }
          >
            <View
              style={
                Object {
                  "alignItems": "center",
                  "backgroundColor": "#1E1437",
                  "flex": 1,
                  "justifyContent": "flex-start",
                }
              }
            >
              <Image
                source={
                  Object {
                    "testUri": "../../../src/assets/300x300.png",
                  }
                }
                style={
                  Object {
                    "height": 20,
                    "width": 20,
                  }
                }
              />
              <View
                style={
                  Object {
                    "alignItems": "center",
                    "marginVertical": 40,
                  }
                }
              >
                <Text
                  style={
                    Array [
                      Object {
                        "color": "#313131",
                        "fontFamily": "Karla-Regular",
                        "textAlign": "left",
                      },
                      Object {
                        "fontSize": 25,
                        "fontWeight": "bold",
                      },
                      Object {
                        "color": "#fff",
                        "fontWeight": "normal",
                        "marginHorizontal": 115,
                        "textAlign": "center",
                      },
                    ]
                  }
                >
                  We can't wait to hear 
                </Text>
                <Text
                  style={
                    Array [
                      Object {
                        "color": "#313131",
                        "fontFamily": "Karla-Regular",
                        "textAlign": "left",
                      },
                      Object {
                        "fontSize": 50,
                        "fontWeight": "bold",
                      },
                      Object {
                        "color": "#03C7FE",
                        "marginHorizontal": 75,
                        "textAlign": "center",
                      },
                    ]
                  }
                >
                  your story
                </Text>
              </View>
              <Text
                style={
                  Array [
                    Object {
                      "color": "#313131",
                      "fontFamily": "Karla-Regular",
                      "textAlign": "left",
                    },
                    Object {
                      "fontSize": 18,
                    },
                    Object {
                      "color": "#fff",
                      "marginHorizontal": 75,
                      "marginTop": 120,
                      "textAlign": "center",
                    },
                  ]
                }
              >
                Everyone has a story to tell. We know yours is definitely a really interesting one.
              </Text>
            </View>
          </View>
        </View>
        <View
          onLayout={[Function]}
          style={
            Array [
              Object {
                "flexDirection": "row",
              },
              null,
            ]
          }
        >
          <View
            style={
              Array [
                Object {
                  "alignItems": "center",
                  "flex": 1,
                },
                Object {
                  "height": 1334,
                  "justifyContent": "flex-start",
                  "paddingTop": 50,
                  "width": 750,
                },
              ]
            }
          >
            <View
              style={
                Object {
                  "alignItems": "center",
                  "backgroundColor": "#1E1437",
                  "flex": 1,
                  "justifyContent": "flex-start",
                }
              }
            >
              <Image
                source={
                  Object {
                    "testUri": "../../../src/assets/300x300.png",
                  }
                }
                style={
                  Object {
                    "height": 20,
                    "width": 20,
                  }
                }
              />
              <View
                style={
                  Object {
                    "alignItems": "center",
                    "marginVertical": 40,
                  }
                }
              >
                <Text
                  style={
                    Array [
                      Object {
                        "color": "#313131",
                        "fontFamily": "Karla-Regular",
                        "textAlign": "left",
                      },
                      Object {
                        "fontSize": 25,
                        "fontWeight": "bold",
                      },
                      Object {
                        "color": "#fff",
                        "fontWeight": "normal",
                        "marginHorizontal": 115,
                        "textAlign": "center",
                      },
                    ]
                  }
                >
                  One day, one story
                </Text>
                <Text
                  style={
                    Array [
                      Object {
                        "color": "#313131",
                        "fontFamily": "Karla-Regular",
                        "textAlign": "left",
                      },
                      Object {
                        "fontSize": 50,
                        "fontWeight": "bold",
                      },
                      Object {
                        "color": "#03C7FE",
                        "marginHorizontal": 75,
                        "textAlign": "center",
                      },
                    ]
                  }
                >
                  
                </Text>
              </View>
              <Text
                style={
                  Array [
                    Object {
                      "color": "#313131",
                      "fontFamily": "Karla-Regular",
                      "textAlign": "left",
                    },
                    Object {
                      "fontSize": 18,
                    },
                    Object {
                      "color": "#fff",
                      "marginHorizontal": 75,
                      "marginTop": 120,
                      "textAlign": "center",
                    },
                  ]
                }
              >
                We'll guide you through daily question that will help us to get the conversation to get started.
              </Text>
            </View>
          </View>
        </View>
        <View
          onLayout={[Function]}
          style={
            Array [
              Object {
                "flexDirection": "row",
              },
              null,
            ]
          }
        >
          <View
            style={
              Array [
                Object {
                  "alignItems": "center",
                  "flex": 1,
                },
                Object {
                  "height": 1334,
                  "justifyContent": "flex-start",
                  "paddingTop": 50,
                  "width": 750,
                },
              ]
            }
          >
            <View
              style={
                Object {
                  "alignItems": "center",
                  "backgroundColor": "#1E1437",
                  "flex": 1,
                  "justifyContent": "flex-start",
                }
              }
            >
              <Image
                source={
                  Object {
                    "testUri": "../../../src/assets/300x300.png",
                  }
                }
                style={
                  Object {
                    "height": 20,
                    "width": 20,
                  }
                }
              />
              <View
                style={
                  Object {
                    "alignItems": "center",
                    "marginVertical": 40,
                  }
                }
              >
                <Text
                  style={
                    Array [
                      Object {
                        "color": "#313131",
                        "fontFamily": "Karla-Regular",
                        "textAlign": "left",
                      },
                      Object {
                        "fontSize": 25,
                        "fontWeight": "bold",
                      },
                      Object {
                        "color": "#fff",
                        "fontWeight": "normal",
                        "marginHorizontal": 115,
                        "textAlign": "center",
                      },
                    ]
                  }
                >
                  You own your information
                </Text>
                <Text
                  style={
                    Array [
                      Object {
                        "color": "#313131",
                        "fontFamily": "Karla-Regular",
                        "textAlign": "left",
                      },
                      Object {
                        "fontSize": 50,
                        "fontWeight": "bold",
                      },
                      Object {
                        "color": "#03C7FE",
                        "marginHorizontal": 75,
                        "textAlign": "center",
                      },
                    ]
                  }
                >
                  
                </Text>
              </View>
              <Text
                style={
                  Array [
                    Object {
                      "color": "#313131",
                      "fontFamily": "Karla-Regular",
                      "textAlign": "left",
                    },
                    Object {
                      "fontSize": 18,
                    },
                    Object {
                      "color": "#fff",
                      "marginHorizontal": 75,
                      "marginTop": 120,
                      "textAlign": "center",
                    },
                  ]
                }
              >
                As you, we want to protect your personal information, so you decide when and with who you share it. Always!
              </Text>
            </View>
          </View>
        </View>
      </View>
    </RCTScrollView>
    <View>
      <View
        style={
          Object {
            "flexDirection": "row",
            "justifyContent": "center",
          }
        }
      >
        <View
          style={
            Array [
              Object {
                "borderRadius": 5,
                "height": 10,
                "marginHorizontal": 5,
                "width": 10,
              },
              Object {
                "backgroundColor": "#000",
              },
            ]
          }
        />
        <View
          style={
            Array [
              Object {
                "borderRadius": 5,
                "height": 10,
                "marginHorizontal": 5,
                "width": 10,
              },
              Object {
                "backgroundColor": "#c3c3c3",
              },
            ]
          }
        />
        <View
          style={
            Array [
              Object {
                "borderRadius": 5,
                "height": 10,
                "marginHorizontal": 5,
                "width": 10,
              },
              Object {
                "backgroundColor": "#c3c3c3",
              },
            ]
          }
        />
      </View>
      <View
        accessibilityComponentType="button"
        accessibilityTraits={
          Array [
            "button",
          ]
        }
        accessible={true}
        isTVSelectable={true}
        onResponderGrant={[Function]}
        onResponderMove={[Function]}
        onResponderRelease={[Function]}
        onResponderTerminate={[Function]}
        onResponderTerminationRequest={[Function]}
        onStartShouldSetResponder={[Function]}
        style={
          Object {
            "opacity": 1,
          }
        }
      >
        <View
          style={
            Array [
              Object {},
            ]
          }
        >
          <Text
            style={
              Array [
                Object {
                  "color": "#007AFF",
                  "fontSize": 18,
                  "padding": 8,
                  "textAlign": "center",
                },
              ]
            }
          >
            Skip
          </Text>
        </View>
      </View>
      <View
        accessibilityComponentType="button"
        accessibilityTraits={
          Array [
            "button",
          ]
        }
        accessible={true}
        isTVSelectable={true}
        onResponderGrant={[Function]}
        onResponderMove={[Function]}
        onResponderRelease={[Function]}
        onResponderTerminate={[Function]}
        onResponderTerminationRequest={[Function]}
        onStartShouldSetResponder={[Function]}
        style={
          Object {
            "opacity": 1,
          }
        }
      >
        <View
          style={
            Array [
              Object {},
            ]
          }
        >
          <Text
            style={
              Array [
                Object {
                  "color": "#007AFF",
                  "fontSize": 18,
                  "padding": 8,
                  "textAlign": "center",
                },
              ]
            }
          >
            Continue
          </Text>
        </View>
      </View>
    </View>
  </View>
</View>
`;
